// Jest Snapshot v1, https://goo.gl/fbAQLP

exports[`User navigates to this page, component renders Test so that everything renders correctly 1`] = `
<section
  class="product"
>
  <div
    class="product-pictures-container"
  >
    <img
      alt="Regular Bugspray"
      class="product-pictures"
      src="undefinedassets/bugspray.png"
    />
  </div>
   
  <div>
    <h2
      class="product-title"
    >
      Regular Bugspray
    </h2>
     
    <p>
      It does something
    </p>
  </div>
   
  <!---->
   
  <div>
    <h3>
      120Kr
    </h3>
  </div>
   
  <aside
    class="addProduct"
  >
    <img
      alt="add to cart"
      id="addToCart"
      src="@/assets/buy.png"
    />
  </aside>
   
  <!---->
</section>
`;
