// Jest Snapshot v1, https://goo.gl/fbAQLP

exports[`Test Landing Test if /Landing is rendered 1`] = `
<div
  class="landing-container"
>
  <div
    class="introduction-container"
  >
    <img
      alt="ant 1"
      class="garden-image"
      src="@/assets/garden.jpg"
    />
     
    <p
      class="p-introduction"
    >
      
      Repell, Remove or Blast your bugs.
      
      <br />
      We have the solution for all your pest problems.
      With our product you will be able to get the same result as a professional exterminator.
      
      <router-link
        class="link-to-shop"
        to="/cart"
      >
        Check out our product
      </router-link>
      , and become a professianal exterminatori yourself
      
      <br />
       
      <br />
      We are a small family business that have a long tradition hating insects!
    
    </p>
  </div>
   
  <div
    class="exterminator-container"
  >
    <img
      alt="exterminator"
      class="exterminator"
      src="@/assets/backgroundImages/exterminator-5.png"
    />
     
    <img
      alt="ant 2"
      class="ant2"
      src="@/assets/backgroundImages/ant-1.png"
    />
  </div>
</div>
`;
