// Jest Snapshot v1, https://goo.gl/fbAQLP

exports[`User loads the page Test so that everything renders correctly 1`] = `
<div
  class="cartProducts"
>
   
  <section
    class="checkout"
  >
    <div>
      <button
        class="checkoutButton"
      >
        <span>
          Purchase items
        </span>
      </button>
    </div>
  </section>
</div>
`;
