// Jest Snapshot v1, https://goo.gl/fbAQLP

exports[`User loads the page Test so that everything renders correctly 1`] = `
<div
  class="cartProducts"
>
   
  <h2
    class="emptyCart"
  >
    
    No items in cart..
    
    <img
      alt="emptyCart"
      class="emptyCartImage"
      src="@/assets/empty-cart.png"
    />
  </h2>
   
  <!---->
</div>
`;
