// Jest Snapshot v1, https://goo.gl/fbAQLP

exports[`User opens menu Test so that everything renders correctly 1`] = `
<div
  class="sidebar"
>
  <div
    class="sidebar-backdrop"
  />
   
  <transition-stub
    name="slide"
  >
    <div
      class="sidebar-panel"
    >
      <ul
        class="sidebar-panel-nav"
      >
        <li>
          <router-link-stub
            ariacurrentvalue="page"
            event="click"
            exactactiveclass="active"
            tag="a"
            to="/landing"
          >
            Home
          </router-link-stub>
        </li>
         
        <li>
          <router-link-stub
            ariacurrentvalue="page"
            event="click"
            exactactiveclass="active"
            tag="a"
            to="/shopping"
          >
            Our Shop
          </router-link-stub>
        </li>
         
        <li>
          <router-link-stub
            ariacurrentvalue="page"
            event="click"
            exactactiveclass="active"
            tag="p"
            to="/cart"
          >
            Cart
          </router-link-stub>
        </li>
         
        <li>
          <router-link-stub
            ariacurrentvalue="page"
            event="click"
            exactactiveclass="active"
            tag="a"
            to="/order"
          >
            Order
          </router-link-stub>
        </li>
      </ul>
       
    </div>
  </transition-stub>
</div>
`;
